# Illuminate\Database\QueryException - Internal Server Error
SQLSTATE[42P01]: Undefined table: 7 ERROR:  relation "user_phones" does not exist
LINE 1: select * from "user_phones" where "user_phones"."user_id" in...
                      ^ (Connection: pgsql, SQL: select * from "user_phones" where "user_phones"."user_id" in (34, 35, 36, 37, 38, 39, 40, 41, 42, 43, 44, 45, 46, 47, 78))

PHP 8.2.12
Laravel 12.28.1
localhost:8000

## Stack Trace

0 - D:\xampp\htdocs\crm\stafftobia\vendor\laravel\framework\src\Illuminate\Database\Connection.php:824
1 - D:\xampp\htdocs\crm\stafftobia\vendor\laravel\framework\src\Illuminate\Database\Connection.php:778
2 - D:\xampp\htdocs\crm\stafftobia\vendor\laravel\framework\src\Illuminate\Database\Connection.php:397
3 - D:\xampp\htdocs\crm\stafftobia\vendor\laravel\framework\src\Illuminate\Database\Query\Builder.php:3188
4 - D:\xampp\htdocs\crm\stafftobia\vendor\laravel\framework\src\Illuminate\Database\Query\Builder.php:3173
5 - D:\xampp\htdocs\crm\stafftobia\vendor\laravel\framework\src\Illuminate\Database\Query\Builder.php:3763
6 - D:\xampp\htdocs\crm\stafftobia\vendor\laravel\framework\src\Illuminate\Database\Query\Builder.php:3172
7 - D:\xampp\htdocs\crm\stafftobia\vendor\laravel\framework\src\Illuminate\Database\Eloquent\Builder.php:887
8 - D:\xampp\htdocs\crm\stafftobia\vendor\laravel\framework\src\Illuminate\Database\Eloquent\Builder.php:869
9 - D:\xampp\htdocs\crm\stafftobia\vendor\laravel\framework\src\Illuminate\Database\Eloquent\Relations\Relation.php:212
10 - D:\xampp\htdocs\crm\stafftobia\vendor\laravel\framework\src\Illuminate\Database\Eloquent\Relations\Relation.php:175
11 - D:\xampp\htdocs\crm\stafftobia\vendor\laravel\framework\src\Illuminate\Database\Eloquent\Builder.php:935
12 - D:\xampp\htdocs\crm\stafftobia\vendor\laravel\framework\src\Illuminate\Database\Eloquent\Builder.php:904
13 - D:\xampp\htdocs\crm\stafftobia\vendor\laravel\framework\src\Illuminate\Database\Eloquent\Builder.php:870
14 - D:\xampp\htdocs\crm\stafftobia\vendor\laravel\framework\src\Illuminate\Database\Eloquent\Builder.php:1110
15 - D:\xampp\htdocs\crm\stafftobia\app\Http\Controllers\UserController.php:91
16 - D:\xampp\htdocs\crm\stafftobia\vendor\laravel\framework\src\Illuminate\Routing\Controller.php:54
17 - D:\xampp\htdocs\crm\stafftobia\vendor\laravel\framework\src\Illuminate\Routing\ControllerDispatcher.php:43
18 - D:\xampp\htdocs\crm\stafftobia\vendor\laravel\framework\src\Illuminate\Routing\Route.php:265
19 - D:\xampp\htdocs\crm\stafftobia\vendor\laravel\framework\src\Illuminate\Routing\Route.php:211
20 - D:\xampp\htdocs\crm\stafftobia\vendor\laravel\framework\src\Illuminate\Routing\Router.php:822
21 - D:\xampp\htdocs\crm\stafftobia\vendor\laravel\framework\src\Illuminate\Pipeline\Pipeline.php:180
22 - D:\xampp\htdocs\crm\stafftobia\app\Http\Middleware\SetLocale.php:24
23 - D:\xampp\htdocs\crm\stafftobia\vendor\laravel\framework\src\Illuminate\Pipeline\Pipeline.php:219
24 - D:\xampp\htdocs\crm\stafftobia\vendor\laravel\framework\src\Illuminate\Routing\Middleware\SubstituteBindings.php:50
25 - D:\xampp\htdocs\crm\stafftobia\vendor\laravel\framework\src\Illuminate\Pipeline\Pipeline.php:219
26 - D:\xampp\htdocs\crm\stafftobia\vendor\laravel\framework\src\Illuminate\Auth\Middleware\Authenticate.php:63
27 - D:\xampp\htdocs\crm\stafftobia\vendor\laravel\framework\src\Illuminate\Pipeline\Pipeline.php:219
28 - D:\xampp\htdocs\crm\stafftobia\vendor\laravel\framework\src\Illuminate\Foundation\Http\Middleware\VerifyCsrfToken.php:87
29 - D:\xampp\htdocs\crm\stafftobia\vendor\laravel\framework\src\Illuminate\Pipeline\Pipeline.php:219
30 - D:\xampp\htdocs\crm\stafftobia\vendor\laravel\framework\src\Illuminate\View\Middleware\ShareErrorsFromSession.php:48
31 - D:\xampp\htdocs\crm\stafftobia\vendor\laravel\framework\src\Illuminate\Pipeline\Pipeline.php:219
32 - D:\xampp\htdocs\crm\stafftobia\vendor\laravel\framework\src\Illuminate\Session\Middleware\StartSession.php:120
33 - D:\xampp\htdocs\crm\stafftobia\vendor\laravel\framework\src\Illuminate\Session\Middleware\StartSession.php:63
34 - D:\xampp\htdocs\crm\stafftobia\vendor\laravel\framework\src\Illuminate\Pipeline\Pipeline.php:219
35 - D:\xampp\htdocs\crm\stafftobia\vendor\laravel\framework\src\Illuminate\Cookie\Middleware\AddQueuedCookiesToResponse.php:36
36 - D:\xampp\htdocs\crm\stafftobia\vendor\laravel\framework\src\Illuminate\Pipeline\Pipeline.php:219
37 - D:\xampp\htdocs\crm\stafftobia\vendor\laravel\framework\src\Illuminate\Cookie\Middleware\EncryptCookies.php:74
38 - D:\xampp\htdocs\crm\stafftobia\vendor\laravel\framework\src\Illuminate\Pipeline\Pipeline.php:219
39 - D:\xampp\htdocs\crm\stafftobia\vendor\laravel\framework\src\Illuminate\Pipeline\Pipeline.php:137
40 - D:\xampp\htdocs\crm\stafftobia\vendor\laravel\framework\src\Illuminate\Routing\Router.php:821
41 - D:\xampp\htdocs\crm\stafftobia\vendor\laravel\framework\src\Illuminate\Routing\Router.php:800
42 - D:\xampp\htdocs\crm\stafftobia\vendor\laravel\framework\src\Illuminate\Routing\Router.php:764
43 - D:\xampp\htdocs\crm\stafftobia\vendor\laravel\framework\src\Illuminate\Routing\Router.php:753
44 - D:\xampp\htdocs\crm\stafftobia\vendor\laravel\framework\src\Illuminate\Foundation\Http\Kernel.php:200
45 - D:\xampp\htdocs\crm\stafftobia\vendor\laravel\framework\src\Illuminate\Pipeline\Pipeline.php:180
46 - D:\xampp\htdocs\crm\stafftobia\vendor\laravel\framework\src\Illuminate\Foundation\Http\Middleware\TransformsRequest.php:21
47 - D:\xampp\htdocs\crm\stafftobia\vendor\laravel\framework\src\Illuminate\Foundation\Http\Middleware\ConvertEmptyStringsToNull.php:31
48 - D:\xampp\htdocs\crm\stafftobia\vendor\laravel\framework\src\Illuminate\Pipeline\Pipeline.php:219
49 - D:\xampp\htdocs\crm\stafftobia\vendor\laravel\framework\src\Illuminate\Foundation\Http\Middleware\TransformsRequest.php:21
50 - D:\xampp\htdocs\crm\stafftobia\vendor\laravel\framework\src\Illuminate\Foundation\Http\Middleware\TrimStrings.php:51
51 - D:\xampp\htdocs\crm\stafftobia\vendor\laravel\framework\src\Illuminate\Pipeline\Pipeline.php:219
52 - D:\xampp\htdocs\crm\stafftobia\vendor\laravel\framework\src\Illuminate\Http\Middleware\ValidatePostSize.php:27
53 - D:\xampp\htdocs\crm\stafftobia\vendor\laravel\framework\src\Illuminate\Pipeline\Pipeline.php:219
54 - D:\xampp\htdocs\crm\stafftobia\vendor\laravel\framework\src\Illuminate\Foundation\Http\Middleware\PreventRequestsDuringMaintenance.php:109
55 - D:\xampp\htdocs\crm\stafftobia\vendor\laravel\framework\src\Illuminate\Pipeline\Pipeline.php:219
56 - D:\xampp\htdocs\crm\stafftobia\vendor\laravel\framework\src\Illuminate\Http\Middleware\HandleCors.php:48
57 - D:\xampp\htdocs\crm\stafftobia\vendor\laravel\framework\src\Illuminate\Pipeline\Pipeline.php:219
58 - D:\xampp\htdocs\crm\stafftobia\vendor\laravel\framework\src\Illuminate\Http\Middleware\TrustProxies.php:58
59 - D:\xampp\htdocs\crm\stafftobia\vendor\laravel\framework\src\Illuminate\Pipeline\Pipeline.php:219
60 - D:\xampp\htdocs\crm\stafftobia\vendor\laravel\framework\src\Illuminate\Foundation\Http\Middleware\InvokeDeferredCallbacks.php:22
61 - D:\xampp\htdocs\crm\stafftobia\vendor\laravel\framework\src\Illuminate\Pipeline\Pipeline.php:219
62 - D:\xampp\htdocs\crm\stafftobia\vendor\laravel\framework\src\Illuminate\Http\Middleware\ValidatePathEncoding.php:26
63 - D:\xampp\htdocs\crm\stafftobia\vendor\laravel\framework\src\Illuminate\Pipeline\Pipeline.php:219
64 - D:\xampp\htdocs\crm\stafftobia\vendor\laravel\framework\src\Illuminate\Pipeline\Pipeline.php:137
65 - D:\xampp\htdocs\crm\stafftobia\vendor\laravel\framework\src\Illuminate\Foundation\Http\Kernel.php:175
66 - D:\xampp\htdocs\crm\stafftobia\vendor\laravel\framework\src\Illuminate\Foundation\Http\Kernel.php:144
67 - D:\xampp\htdocs\crm\stafftobia\vendor\laravel\framework\src\Illuminate\Foundation\Application.php:1220
68 - D:\xampp\htdocs\crm\stafftobia\public\index.php:20
69 - D:\xampp\htdocs\crm\stafftobia\vendor\laravel\framework\src\Illuminate\Foundation\resources\server.php:23

## Request

GET /users

## Headers

* **host**: localhost:8000
* **connection**: keep-alive
* **sec-ch-ua**: "Chromium";v="140", "Not=A?Brand";v="24", "Google Chrome";v="140"
* **sec-ch-ua-mobile**: ?0
* **sec-ch-ua-platform**: "Windows"
* **upgrade-insecure-requests**: 1
* **user-agent**: Mozilla/5.0 (Windows NT 10.0; Win64; x64) AppleWebKit/537.36 (KHTML, like Gecko) Chrome/140.0.0.0 Safari/537.36
* **accept**: text/html,application/xhtml+xml,application/xml;q=0.9,image/avif,image/webp,image/apng,*/*;q=0.8,application/signed-exchange;v=b3;q=0.7
* **sec-fetch-site**: same-origin
* **sec-fetch-mode**: navigate
* **sec-fetch-user**: ?1
* **sec-fetch-dest**: document
* **referer**: http://localhost:8000/dashboard
* **accept-encoding**: gzip, deflate, br, zstd
* **accept-language**: en-US,en;q=0.9
* **cookie**: sahara.sid=s%3AThgc8K5UwX9MHqHA2hlQzH4gacqZr4oY.Oq%2FtJk87X7W913oHEDbbYkepLYfY4i8Nx04AnkApg84; XSRF-TOKEN=eyJpdiI6IlBmSTZHQVNnQzlwcitCOEVlYjJXRkE9PSIsInZhbHVlIjoiRExyUEdzUFRQbWM0SDlENEF6R2tpWDNBZG9hNU1IOVVMRWFkT0kycFMwc2JzTjFnY3dwaU5XcncvZkEyd043Wi8rc1FsYS9DMStGNnZrR2tnNk5jeCtXdmlkTW1MeWJ0Q0xEYXpiUndCYjJQWTRlWjM5V3pMYnZrQUkvWnU5S2ciLCJtYWMiOiI4MjEyOTczZWM0N2UwN2JjMWI0YmE1MTBhYjRkYmVlNTUwZTA0MmQ1ZTMyMjg0MGIxOTdhODI1ZDc3MmU1YTFiIiwidGFnIjoiIn0%3D; laravel-session=eyJpdiI6ImRTRGkwQVdvL3hRTGpMeEd0QUlCVGc9PSIsInZhbHVlIjoiYXVuZjdtRjRpaUgzcVBOa0VlWHo1V3F1QU9NRHZsQmNDaWt5UTArSzVOcGN5Z2d6bVpYRVpCTFl2OXQ3WHNTYVIrbGgzUlZNaEs4dStVK2V2VFQ4VE0wYzhvaUxHQTV1eXJQOUFuN25ZL2NIajVJVGQ4bjdWV3J3azA4aVorOG8iLCJtYWMiOiI5MDVlZmFjMWVmYmEzZjk2M2Y1ZTQwZDRiZjc2NTdiYWM2MWJlNzE4MzEzNDFiZGI2YTg2OGVjNWFjMjVhZWZhIiwidGFnIjoiIn0%3D

## Route Context

controller: App\Http\Controllers\UserController@index
route name: users.index
middleware: web, auth

## Route Parameters

No route parameter data available.

## Database Queries

* pgsql - select * from "users" where "id" = 1 limit 1 (38.99 ms)
* pgsql - select count(*) as aggregate from "users" where "user_type" = 'employee' and "is_archived" = 0 (0.91 ms)
* pgsql - select * from "users" where "user_type" = 'employee' and "is_archived" = 0 order by "created_at" desc limit 15 offset 0 (1.01 ms)
* pgsql - select * from "departments" where "departments"."id" in (3, 9) (0.82 ms)
-
# Illuminate\Database\QueryException - Internal Server Error
SQLSTATE[42P01]: Undefined table: 7 ERROR:  relation "password_accounts" does not exist
LINE 1: select count(*) as aggregate from "password_accounts" where ...
                                          ^ (Connection: pgsql, SQL: select count(*) as aggregate from "password_accounts" where exists (select * from "password_assignments" where "password_accounts"."id" = "password_assignments"."account_id" and "user_id" = 1 and "revoked_at" is null))

PHP 8.2.12
Laravel 12.28.1
localhost:8000

## Stack Trace

0 - D:\xampp\htdocs\crm\stafftobia\vendor\laravel\framework\src\Illuminate\Database\Connection.php:824
1 - D:\xampp\htdocs\crm\stafftobia\vendor\laravel\framework\src\Illuminate\Database\Connection.php:778
2 - D:\xampp\htdocs\crm\stafftobia\vendor\laravel\framework\src\Illuminate\Database\Connection.php:397
3 - D:\xampp\htdocs\crm\stafftobia\vendor\laravel\framework\src\Illuminate\Database\Query\Builder.php:3188
4 - D:\xampp\htdocs\crm\stafftobia\vendor\laravel\framework\src\Illuminate\Database\Query\Builder.php:3173
5 - D:\xampp\htdocs\crm\stafftobia\vendor\laravel\framework\src\Illuminate\Database\Query\Builder.php:3763
6 - D:\xampp\htdocs\crm\stafftobia\vendor\laravel\framework\src\Illuminate\Database\Query\Builder.php:3172
7 - D:\xampp\htdocs\crm\stafftobia\vendor\laravel\framework\src\Illuminate\Database\Query\Builder.php:3367
8 - D:\xampp\htdocs\crm\stafftobia\vendor\laravel\framework\src\Illuminate\Database\Query\Builder.php:3326
9 - D:\xampp\htdocs\crm\stafftobia\vendor\laravel\framework\src\Illuminate\Database\Eloquent\Builder.php:1105
10 - D:\xampp\htdocs\crm\stafftobia\app\Http\Controllers\PasswordAccountController.php:74
11 - D:\xampp\htdocs\crm\stafftobia\vendor\laravel\framework\src\Illuminate\Routing\Controller.php:54
12 - D:\xampp\htdocs\crm\stafftobia\vendor\laravel\framework\src\Illuminate\Routing\ControllerDispatcher.php:43
13 - D:\xampp\htdocs\crm\stafftobia\vendor\laravel\framework\src\Illuminate\Routing\Route.php:265
14 - D:\xampp\htdocs\crm\stafftobia\vendor\laravel\framework\src\Illuminate\Routing\Route.php:211
15 - D:\xampp\htdocs\crm\stafftobia\vendor\laravel\framework\src\Illuminate\Routing\Router.php:822
16 - D:\xampp\htdocs\crm\stafftobia\vendor\laravel\framework\src\Illuminate\Pipeline\Pipeline.php:180
17 - D:\xampp\htdocs\crm\stafftobia\app\Http\Middleware\SetLocale.php:24
18 - D:\xampp\htdocs\crm\stafftobia\vendor\laravel\framework\src\Illuminate\Pipeline\Pipeline.php:219
19 - D:\xampp\htdocs\crm\stafftobia\vendor\laravel\framework\src\Illuminate\Routing\Middleware\SubstituteBindings.php:50
20 - D:\xampp\htdocs\crm\stafftobia\vendor\laravel\framework\src\Illuminate\Pipeline\Pipeline.php:219
21 - D:\xampp\htdocs\crm\stafftobia\vendor\laravel\framework\src\Illuminate\Auth\Middleware\Authenticate.php:63
22 - D:\xampp\htdocs\crm\stafftobia\vendor\laravel\framework\src\Illuminate\Pipeline\Pipeline.php:219
23 - D:\xampp\htdocs\crm\stafftobia\vendor\laravel\framework\src\Illuminate\Foundation\Http\Middleware\VerifyCsrfToken.php:87
24 - D:\xampp\htdocs\crm\stafftobia\vendor\laravel\framework\src\Illuminate\Pipeline\Pipeline.php:219
25 - D:\xampp\htdocs\crm\stafftobia\vendor\laravel\framework\src\Illuminate\View\Middleware\ShareErrorsFromSession.php:48
26 - D:\xampp\htdocs\crm\stafftobia\vendor\laravel\framework\src\Illuminate\Pipeline\Pipeline.php:219
27 - D:\xampp\htdocs\crm\stafftobia\vendor\laravel\framework\src\Illuminate\Session\Middleware\StartSession.php:120
28 - D:\xampp\htdocs\crm\stafftobia\vendor\laravel\framework\src\Illuminate\Session\Middleware\StartSession.php:63
29 - D:\xampp\htdocs\crm\stafftobia\vendor\laravel\framework\src\Illuminate\Pipeline\Pipeline.php:219
30 - D:\xampp\htdocs\crm\stafftobia\vendor\laravel\framework\src\Illuminate\Cookie\Middleware\AddQueuedCookiesToResponse.php:36
31 - D:\xampp\htdocs\crm\stafftobia\vendor\laravel\framework\src\Illuminate\Pipeline\Pipeline.php:219
32 - D:\xampp\htdocs\crm\stafftobia\vendor\laravel\framework\src\Illuminate\Cookie\Middleware\EncryptCookies.php:74
33 - D:\xampp\htdocs\crm\stafftobia\vendor\laravel\framework\src\Illuminate\Pipeline\Pipeline.php:219
34 - D:\xampp\htdocs\crm\stafftobia\vendor\laravel\framework\src\Illuminate\Pipeline\Pipeline.php:137
35 - D:\xampp\htdocs\crm\stafftobia\vendor\laravel\framework\src\Illuminate\Routing\Router.php:821
36 - D:\xampp\htdocs\crm\stafftobia\vendor\laravel\framework\src\Illuminate\Routing\Router.php:800
37 - D:\xampp\htdocs\crm\stafftobia\vendor\laravel\framework\src\Illuminate\Routing\Router.php:764
38 - D:\xampp\htdocs\crm\stafftobia\vendor\laravel\framework\src\Illuminate\Routing\Router.php:753
39 - D:\xampp\htdocs\crm\stafftobia\vendor\laravel\framework\src\Illuminate\Foundation\Http\Kernel.php:200
40 - D:\xampp\htdocs\crm\stafftobia\vendor\laravel\framework\src\Illuminate\Pipeline\Pipeline.php:180
41 - D:\xampp\htdocs\crm\stafftobia\vendor\laravel\framework\src\Illuminate\Foundation\Http\Middleware\TransformsRequest.php:21
42 - D:\xampp\htdocs\crm\stafftobia\vendor\laravel\framework\src\Illuminate\Foundation\Http\Middleware\ConvertEmptyStringsToNull.php:31
43 - D:\xampp\htdocs\crm\stafftobia\vendor\laravel\framework\src\Illuminate\Pipeline\Pipeline.php:219
44 - D:\xampp\htdocs\crm\stafftobia\vendor\laravel\framework\src\Illuminate\Foundation\Http\Middleware\TransformsRequest.php:21
45 - D:\xampp\htdocs\crm\stafftobia\vendor\laravel\framework\src\Illuminate\Foundation\Http\Middleware\TrimStrings.php:51
46 - D:\xampp\htdocs\crm\stafftobia\vendor\laravel\framework\src\Illuminate\Pipeline\Pipeline.php:219
47 - D:\xampp\htdocs\crm\stafftobia\vendor\laravel\framework\src\Illuminate\Http\Middleware\ValidatePostSize.php:27
48 - D:\xampp\htdocs\crm\stafftobia\vendor\laravel\framework\src\Illuminate\Pipeline\Pipeline.php:219
49 - D:\xampp\htdocs\crm\stafftobia\vendor\laravel\framework\src\Illuminate\Foundation\Http\Middleware\PreventRequestsDuringMaintenance.php:109
50 - D:\xampp\htdocs\crm\stafftobia\vendor\laravel\framework\src\Illuminate\Pipeline\Pipeline.php:219
51 - D:\xampp\htdocs\crm\stafftobia\vendor\laravel\framework\src\Illuminate\Http\Middleware\HandleCors.php:48
52 - D:\xampp\htdocs\crm\stafftobia\vendor\laravel\framework\src\Illuminate\Pipeline\Pipeline.php:219
53 - D:\xampp\htdocs\crm\stafftobia\vendor\laravel\framework\src\Illuminate\Http\Middleware\TrustProxies.php:58
54 - D:\xampp\htdocs\crm\stafftobia\vendor\laravel\framework\src\Illuminate\Pipeline\Pipeline.php:219
55 - D:\xampp\htdocs\crm\stafftobia\vendor\laravel\framework\src\Illuminate\Foundation\Http\Middleware\InvokeDeferredCallbacks.php:22
56 - D:\xampp\htdocs\crm\stafftobia\vendor\laravel\framework\src\Illuminate\Pipeline\Pipeline.php:219
57 - D:\xampp\htdocs\crm\stafftobia\vendor\laravel\framework\src\Illuminate\Http\Middleware\ValidatePathEncoding.php:26
58 - D:\xampp\htdocs\crm\stafftobia\vendor\laravel\framework\src\Illuminate\Pipeline\Pipeline.php:219
59 - D:\xampp\htdocs\crm\stafftobia\vendor\laravel\framework\src\Illuminate\Pipeline\Pipeline.php:137
60 - D:\xampp\htdocs\crm\stafftobia\vendor\laravel\framework\src\Illuminate\Foundation\Http\Kernel.php:175
61 - D:\xampp\htdocs\crm\stafftobia\vendor\laravel\framework\src\Illuminate\Foundation\Http\Kernel.php:144
62 - D:\xampp\htdocs\crm\stafftobia\vendor\laravel\framework\src\Illuminate\Foundation\Application.php:1220
63 - D:\xampp\htdocs\crm\stafftobia\public\index.php:20
64 - D:\xampp\htdocs\crm\stafftobia\vendor\laravel\framework\src\Illuminate\Foundation\resources\server.php:23

## Request

GET /password-accounts

## Headers

* **host**: localhost:8000
* **connection**: keep-alive
* **sec-ch-ua**: "Chromium";v="140", "Not=A?Brand";v="24", "Google Chrome";v="140"
* **sec-ch-ua-mobile**: ?0
* **sec-ch-ua-platform**: "Windows"
* **upgrade-insecure-requests**: 1
* **user-agent**: Mozilla/5.0 (Windows NT 10.0; Win64; x64) AppleWebKit/537.36 (KHTML, like Gecko) Chrome/140.0.0.0 Safari/537.36
* **accept**: text/html,application/xhtml+xml,application/xml;q=0.9,image/avif,image/webp,image/apng,*/*;q=0.8,application/signed-exchange;v=b3;q=0.7
* **sec-fetch-site**: same-origin
* **sec-fetch-mode**: navigate
* **sec-fetch-user**: ?1
* **sec-fetch-dest**: document
* **referer**: http://localhost:8000/dashboard
* **accept-encoding**: gzip, deflate, br, zstd
* **accept-language**: en-US,en;q=0.9
* **cookie**: sahara.sid=s%3AThgc8K5UwX9MHqHA2hlQzH4gacqZr4oY.Oq%2FtJk87X7W913oHEDbbYkepLYfY4i8Nx04AnkApg84; XSRF-TOKEN=eyJpdiI6IkJWUjBjZEJKZ1Nhb1hVR0RxRFRrOHc9PSIsInZhbHVlIjoiQUM3MCtlUXdKN2NzWlE4UGRqNmRBVTRSNm5iWVFnS2d5T1d1em9sYW1MZTZjVWd5Z0M5SUhVWVhBTDAybzRDTlRFVGZyR2ZqdkJtN0o5K29jZm1BTHQybUJZSlkrT3FJbXlkZ0FDdkhKc2pDd0I3Tnp5NmNqcUxzYTBzMEhQSTQiLCJtYWMiOiIxYzJlNzk1OTg0MmE2MTM2ZTZiNjQ5MzNjN2ZlZjVkNWY0MWY2ZmVkN2IxZDZiZDdjYzNlNWFmZDE0YmFjZTM2IiwidGFnIjoiIn0%3D; laravel-session=eyJpdiI6InNPK21ZdThyMGoySUVHdjB2dzh6SkE9PSIsInZhbHVlIjoiUCs1bjJlZDBBMTFIbm05akZySG1uQmt6aTZ0RkhhQVZET0Nud1dnZTcyUnFCdHg1MmtKRk1iOEJEb0J1YUg5TG05N094NW9WT0NMbExwSG9URWd0eFZPYUlMODBWTy9oQmJMMklsVDU1V1hIUUptVFhoazZkMEs2dWNQSE0xQVAiLCJtYWMiOiJmODJiYjczNDdhNjlhMTY4ZTQ2NWZlOTM2NThkYjU2MDYwOGVmMzk4N2E5NDI4OWIwYTI1MzI3MzgwOTI4YjQyIiwidGFnIjoiIn0%3D

## Route Context

controller: App\Http\Controllers\PasswordAccountController@index
route name: password-accounts.index
middleware: web, auth

## Route Parameters

No route parameter data available.

## Database Queries

* pgsql - select * from "users" where "id" = 1 limit 1 (35.16 ms)
-
# Illuminate\Database\QueryException - Internal Server Error
SQLSTATE[42P01]: Undefined table: 7 ERROR:  relation "suppliers" does not exist
LINE 1: select count(*) as aggregate from "suppliers" where "is_acti...
                                          ^ (Connection: pgsql, SQL: select count(*) as aggregate from "suppliers" where "is_active" = 1 and "is_archived" = 0)

PHP 8.2.12
Laravel 12.28.1
localhost:8000

## Stack Trace

0 - D:\xampp\htdocs\crm\stafftobia\vendor\laravel\framework\src\Illuminate\Database\Connection.php:824
1 - D:\xampp\htdocs\crm\stafftobia\vendor\laravel\framework\src\Illuminate\Database\Connection.php:778
2 - D:\xampp\htdocs\crm\stafftobia\vendor\laravel\framework\src\Illuminate\Database\Connection.php:397
3 - D:\xampp\htdocs\crm\stafftobia\vendor\laravel\framework\src\Illuminate\Database\Query\Builder.php:3188
4 - D:\xampp\htdocs\crm\stafftobia\vendor\laravel\framework\src\Illuminate\Database\Query\Builder.php:3173
5 - D:\xampp\htdocs\crm\stafftobia\vendor\laravel\framework\src\Illuminate\Database\Query\Builder.php:3763
6 - D:\xampp\htdocs\crm\stafftobia\vendor\laravel\framework\src\Illuminate\Database\Query\Builder.php:3172
7 - D:\xampp\htdocs\crm\stafftobia\vendor\laravel\framework\src\Illuminate\Database\Query\Builder.php:3367
8 - D:\xampp\htdocs\crm\stafftobia\vendor\laravel\framework\src\Illuminate\Database\Query\Builder.php:3326
9 - D:\xampp\htdocs\crm\stafftobia\vendor\laravel\framework\src\Illuminate\Database\Eloquent\Builder.php:1105
10 - D:\xampp\htdocs\crm\stafftobia\app\Http\Controllers\SupplierController.php:15
11 - D:\xampp\htdocs\crm\stafftobia\vendor\laravel\framework\src\Illuminate\Routing\Controller.php:54
12 - D:\xampp\htdocs\crm\stafftobia\vendor\laravel\framework\src\Illuminate\Routing\ControllerDispatcher.php:43
13 - D:\xampp\htdocs\crm\stafftobia\vendor\laravel\framework\src\Illuminate\Routing\Route.php:265
14 - D:\xampp\htdocs\crm\stafftobia\vendor\laravel\framework\src\Illuminate\Routing\Route.php:211
15 - D:\xampp\htdocs\crm\stafftobia\vendor\laravel\framework\src\Illuminate\Routing\Router.php:822
16 - D:\xampp\htdocs\crm\stafftobia\vendor\laravel\framework\src\Illuminate\Pipeline\Pipeline.php:180
17 - D:\xampp\htdocs\crm\stafftobia\app\Http\Middleware\SetLocale.php:24
18 - D:\xampp\htdocs\crm\stafftobia\vendor\laravel\framework\src\Illuminate\Pipeline\Pipeline.php:219
19 - D:\xampp\htdocs\crm\stafftobia\vendor\laravel\framework\src\Illuminate\Routing\Middleware\SubstituteBindings.php:50
20 - D:\xampp\htdocs\crm\stafftobia\vendor\laravel\framework\src\Illuminate\Pipeline\Pipeline.php:219
21 - D:\xampp\htdocs\crm\stafftobia\vendor\laravel\framework\src\Illuminate\Foundation\Http\Middleware\VerifyCsrfToken.php:87
22 - D:\xampp\htdocs\crm\stafftobia\vendor\laravel\framework\src\Illuminate\Pipeline\Pipeline.php:219
23 - D:\xampp\htdocs\crm\stafftobia\vendor\laravel\framework\src\Illuminate\View\Middleware\ShareErrorsFromSession.php:48
24 - D:\xampp\htdocs\crm\stafftobia\vendor\laravel\framework\src\Illuminate\Pipeline\Pipeline.php:219
25 - D:\xampp\htdocs\crm\stafftobia\vendor\laravel\framework\src\Illuminate\Session\Middleware\StartSession.php:120
26 - D:\xampp\htdocs\crm\stafftobia\vendor\laravel\framework\src\Illuminate\Session\Middleware\StartSession.php:63
27 - D:\xampp\htdocs\crm\stafftobia\vendor\laravel\framework\src\Illuminate\Pipeline\Pipeline.php:219
28 - D:\xampp\htdocs\crm\stafftobia\vendor\laravel\framework\src\Illuminate\Cookie\Middleware\AddQueuedCookiesToResponse.php:36
29 - D:\xampp\htdocs\crm\stafftobia\vendor\laravel\framework\src\Illuminate\Pipeline\Pipeline.php:219
30 - D:\xampp\htdocs\crm\stafftobia\vendor\laravel\framework\src\Illuminate\Cookie\Middleware\EncryptCookies.php:74
31 - D:\xampp\htdocs\crm\stafftobia\vendor\laravel\framework\src\Illuminate\Pipeline\Pipeline.php:219
32 - D:\xampp\htdocs\crm\stafftobia\vendor\laravel\framework\src\Illuminate\Pipeline\Pipeline.php:137
33 - D:\xampp\htdocs\crm\stafftobia\vendor\laravel\framework\src\Illuminate\Routing\Router.php:821
34 - D:\xampp\htdocs\crm\stafftobia\vendor\laravel\framework\src\Illuminate\Routing\Router.php:800
35 - D:\xampp\htdocs\crm\stafftobia\vendor\laravel\framework\src\Illuminate\Routing\Router.php:764
36 - D:\xampp\htdocs\crm\stafftobia\vendor\laravel\framework\src\Illuminate\Routing\Router.php:753
37 - D:\xampp\htdocs\crm\stafftobia\vendor\laravel\framework\src\Illuminate\Foundation\Http\Kernel.php:200
38 - D:\xampp\htdocs\crm\stafftobia\vendor\laravel\framework\src\Illuminate\Pipeline\Pipeline.php:180
39 - D:\xampp\htdocs\crm\stafftobia\vendor\laravel\framework\src\Illuminate\Foundation\Http\Middleware\TransformsRequest.php:21
40 - D:\xampp\htdocs\crm\stafftobia\vendor\laravel\framework\src\Illuminate\Foundation\Http\Middleware\ConvertEmptyStringsToNull.php:31
41 - D:\xampp\htdocs\crm\stafftobia\vendor\laravel\framework\src\Illuminate\Pipeline\Pipeline.php:219
42 - D:\xampp\htdocs\crm\stafftobia\vendor\laravel\framework\src\Illuminate\Foundation\Http\Middleware\TransformsRequest.php:21
43 - D:\xampp\htdocs\crm\stafftobia\vendor\laravel\framework\src\Illuminate\Foundation\Http\Middleware\TrimStrings.php:51
44 - D:\xampp\htdocs\crm\stafftobia\vendor\laravel\framework\src\Illuminate\Pipeline\Pipeline.php:219
45 - D:\xampp\htdocs\crm\stafftobia\vendor\laravel\framework\src\Illuminate\Http\Middleware\ValidatePostSize.php:27
46 - D:\xampp\htdocs\crm\stafftobia\vendor\laravel\framework\src\Illuminate\Pipeline\Pipeline.php:219
47 - D:\xampp\htdocs\crm\stafftobia\vendor\laravel\framework\src\Illuminate\Foundation\Http\Middleware\PreventRequestsDuringMaintenance.php:109
48 - D:\xampp\htdocs\crm\stafftobia\vendor\laravel\framework\src\Illuminate\Pipeline\Pipeline.php:219
49 - D:\xampp\htdocs\crm\stafftobia\vendor\laravel\framework\src\Illuminate\Http\Middleware\HandleCors.php:48
50 - D:\xampp\htdocs\crm\stafftobia\vendor\laravel\framework\src\Illuminate\Pipeline\Pipeline.php:219
51 - D:\xampp\htdocs\crm\stafftobia\vendor\laravel\framework\src\Illuminate\Http\Middleware\TrustProxies.php:58
52 - D:\xampp\htdocs\crm\stafftobia\vendor\laravel\framework\src\Illuminate\Pipeline\Pipeline.php:219
53 - D:\xampp\htdocs\crm\stafftobia\vendor\laravel\framework\src\Illuminate\Foundation\Http\Middleware\InvokeDeferredCallbacks.php:22
54 - D:\xampp\htdocs\crm\stafftobia\vendor\laravel\framework\src\Illuminate\Pipeline\Pipeline.php:219
55 - D:\xampp\htdocs\crm\stafftobia\vendor\laravel\framework\src\Illuminate\Http\Middleware\ValidatePathEncoding.php:26
56 - D:\xampp\htdocs\crm\stafftobia\vendor\laravel\framework\src\Illuminate\Pipeline\Pipeline.php:219
57 - D:\xampp\htdocs\crm\stafftobia\vendor\laravel\framework\src\Illuminate\Pipeline\Pipeline.php:137
58 - D:\xampp\htdocs\crm\stafftobia\vendor\laravel\framework\src\Illuminate\Foundation\Http\Kernel.php:175
59 - D:\xampp\htdocs\crm\stafftobia\vendor\laravel\framework\src\Illuminate\Foundation\Http\Kernel.php:144
60 - D:\xampp\htdocs\crm\stafftobia\vendor\laravel\framework\src\Illuminate\Foundation\Application.php:1220
61 - D:\xampp\htdocs\crm\stafftobia\public\index.php:20
62 - D:\xampp\htdocs\crm\stafftobia\vendor\laravel\framework\src\Illuminate\Foundation\resources\server.php:23

## Request

GET /suppliers

## Headers

* **host**: localhost:8000
* **connection**: keep-alive
* **sec-ch-ua**: "Chromium";v="140", "Not=A?Brand";v="24", "Google Chrome";v="140"
* **sec-ch-ua-mobile**: ?0
* **sec-ch-ua-platform**: "Windows"
* **upgrade-insecure-requests**: 1
* **user-agent**: Mozilla/5.0 (Windows NT 10.0; Win64; x64) AppleWebKit/537.36 (KHTML, like Gecko) Chrome/140.0.0.0 Safari/537.36
* **accept**: text/html,application/xhtml+xml,application/xml;q=0.9,image/avif,image/webp,image/apng,*/*;q=0.8,application/signed-exchange;v=b3;q=0.7
* **sec-fetch-site**: same-origin
* **sec-fetch-mode**: navigate
* **sec-fetch-user**: ?1
* **sec-fetch-dest**: document
* **referer**: http://localhost:8000/dashboard
* **accept-encoding**: gzip, deflate, br, zstd
* **accept-language**: en-US,en;q=0.9
* **cookie**: sahara.sid=s%3AThgc8K5UwX9MHqHA2hlQzH4gacqZr4oY.Oq%2FtJk87X7W913oHEDbbYkepLYfY4i8Nx04AnkApg84; XSRF-TOKEN=eyJpdiI6InNpNlpxUGM3U1RVcGhiZENWTFVRbFE9PSIsInZhbHVlIjoiOHFYRHJoM2cyU2QxSXNpTkUrQW1rS2RrUDBYRDJXRE85NWN6WkNoM1B0M2E5d3dxbU1kNEdLMVFqQnluazgwUmFOeE5oN1JvNms5emZDVitIMGplZ0duM2RnQytQYXpEMExRYzJSWkNaQ3YrbFI2blB3SzV0eW1qcksxT3M2cFMiLCJtYWMiOiI4NDI5MzA1MThjYjY1ZGVkZjk1MmQ2MDlkNDgzMWU0MDg4NGM3YTQyZmZmNWRmNTRiM2Q3OTVmM2NmMGIwYTVkIiwidGFnIjoiIn0%3D; laravel-session=eyJpdiI6IkNHUEZxQnREcFhSbTJ5ZXV4d2ZxOWc9PSIsInZhbHVlIjoiTFpTc3NUU1BrOStyQk5nV3Nac0tuTEoxY1NJSzVBblBQVTlQVmYyeWc5c0RPRFp4RFhkRUxycmpTVVc0Tzh6NmJjNTV3dnNFMXd3UW8rRVNVT2U5Q0x0N3pkL2liNnZGU3IrYlRRSUJScUtJb0tvVXI1SWJHZ212ZVU4NWRlK28iLCJtYWMiOiI0ZjU1NzcxM2ZjMjQ0YmMxMWQ0OGU1MjcyZjhhZGNhYzkzZThjYTcxYjJkNGI5ZTJkNWJhZjI4YTk3ZjUxNTM4IiwidGFnIjoiIn0%3D

## Route Context

controller: App\Http\Controllers\SupplierController@index
route name: suppliers.index
middleware: web

## Route Parameters

No route parameter data available.

## Database Queries

* pgsql - select * from "users" where "id" = 1 limit 1 (1.68 ms)

-
# Illuminate\Database\QueryException - Internal Server Error
SQLSTATE[42703]: Undefined column: 7 ERROR:  column "is_active" does not exist
LINE 1: select * from "roles" where "is_active" = $1 order by "sort_...
                                    ^ (Connection: pgsql, SQL: select * from "roles" where "is_active" = 1 order by "sort_order" asc, "name" asc)

PHP 8.2.12
Laravel 12.28.1
localhost:8000

## Stack Trace

0 - D:\xampp\htdocs\crm\stafftobia\vendor\laravel\framework\src\Illuminate\Database\Connection.php:824
1 - D:\xampp\htdocs\crm\stafftobia\vendor\laravel\framework\src\Illuminate\Database\Connection.php:778
2 - D:\xampp\htdocs\crm\stafftobia\vendor\laravel\framework\src\Illuminate\Database\Connection.php:397
3 - D:\xampp\htdocs\crm\stafftobia\vendor\laravel\framework\src\Illuminate\Database\Query\Builder.php:3188
4 - D:\xampp\htdocs\crm\stafftobia\vendor\laravel\framework\src\Illuminate\Database\Query\Builder.php:3173
5 - D:\xampp\htdocs\crm\stafftobia\vendor\laravel\framework\src\Illuminate\Database\Query\Builder.php:3763
6 - D:\xampp\htdocs\crm\stafftobia\vendor\laravel\framework\src\Illuminate\Database\Query\Builder.php:3172
7 - D:\xampp\htdocs\crm\stafftobia\vendor\laravel\framework\src\Illuminate\Database\Eloquent\Builder.php:887
8 - D:\xampp\htdocs\crm\stafftobia\vendor\laravel\framework\src\Illuminate\Database\Eloquent\Builder.php:869
9 - D:\xampp\htdocs\crm\stafftobia\app\Http\Controllers\ContactController.php:79
10 - D:\xampp\htdocs\crm\stafftobia\vendor\laravel\framework\src\Illuminate\Routing\Controller.php:54
11 - D:\xampp\htdocs\crm\stafftobia\vendor\laravel\framework\src\Illuminate\Routing\ControllerDispatcher.php:43
12 - D:\xampp\htdocs\crm\stafftobia\vendor\laravel\framework\src\Illuminate\Routing\Route.php:265
13 - D:\xampp\htdocs\crm\stafftobia\vendor\laravel\framework\src\Illuminate\Routing\Route.php:211
14 - D:\xampp\htdocs\crm\stafftobia\vendor\laravel\framework\src\Illuminate\Routing\Router.php:822
15 - D:\xampp\htdocs\crm\stafftobia\vendor\laravel\framework\src\Illuminate\Pipeline\Pipeline.php:180
16 - D:\xampp\htdocs\crm\stafftobia\app\Http\Middleware\SetLocale.php:24
17 - D:\xampp\htdocs\crm\stafftobia\vendor\laravel\framework\src\Illuminate\Pipeline\Pipeline.php:219
18 - D:\xampp\htdocs\crm\stafftobia\vendor\laravel\framework\src\Illuminate\Routing\Middleware\SubstituteBindings.php:50
19 - D:\xampp\htdocs\crm\stafftobia\vendor\laravel\framework\src\Illuminate\Pipeline\Pipeline.php:219
20 - D:\xampp\htdocs\crm\stafftobia\vendor\laravel\framework\src\Illuminate\Auth\Middleware\Authenticate.php:63
21 - D:\xampp\htdocs\crm\stafftobia\vendor\laravel\framework\src\Illuminate\Pipeline\Pipeline.php:219
22 - D:\xampp\htdocs\crm\stafftobia\vendor\laravel\framework\src\Illuminate\Foundation\Http\Middleware\VerifyCsrfToken.php:87
23 - D:\xampp\htdocs\crm\stafftobia\vendor\laravel\framework\src\Illuminate\Pipeline\Pipeline.php:219
24 - D:\xampp\htdocs\crm\stafftobia\vendor\laravel\framework\src\Illuminate\View\Middleware\ShareErrorsFromSession.php:48
25 - D:\xampp\htdocs\crm\stafftobia\vendor\laravel\framework\src\Illuminate\Pipeline\Pipeline.php:219
26 - D:\xampp\htdocs\crm\stafftobia\vendor\laravel\framework\src\Illuminate\Session\Middleware\StartSession.php:120
27 - D:\xampp\htdocs\crm\stafftobia\vendor\laravel\framework\src\Illuminate\Session\Middleware\StartSession.php:63
28 - D:\xampp\htdocs\crm\stafftobia\vendor\laravel\framework\src\Illuminate\Pipeline\Pipeline.php:219
29 - D:\xampp\htdocs\crm\stafftobia\vendor\laravel\framework\src\Illuminate\Cookie\Middleware\AddQueuedCookiesToResponse.php:36
30 - D:\xampp\htdocs\crm\stafftobia\vendor\laravel\framework\src\Illuminate\Pipeline\Pipeline.php:219
31 - D:\xampp\htdocs\crm\stafftobia\vendor\laravel\framework\src\Illuminate\Cookie\Middleware\EncryptCookies.php:74
32 - D:\xampp\htdocs\crm\stafftobia\vendor\laravel\framework\src\Illuminate\Pipeline\Pipeline.php:219
33 - D:\xampp\htdocs\crm\stafftobia\vendor\laravel\framework\src\Illuminate\Pipeline\Pipeline.php:137
34 - D:\xampp\htdocs\crm\stafftobia\vendor\laravel\framework\src\Illuminate\Routing\Router.php:821
35 - D:\xampp\htdocs\crm\stafftobia\vendor\laravel\framework\src\Illuminate\Routing\Router.php:800
36 - D:\xampp\htdocs\crm\stafftobia\vendor\laravel\framework\src\Illuminate\Routing\Router.php:764
37 - D:\xampp\htdocs\crm\stafftobia\vendor\laravel\framework\src\Illuminate\Routing\Router.php:753
38 - D:\xampp\htdocs\crm\stafftobia\vendor\laravel\framework\src\Illuminate\Foundation\Http\Kernel.php:200
39 - D:\xampp\htdocs\crm\stafftobia\vendor\laravel\framework\src\Illuminate\Pipeline\Pipeline.php:180
40 - D:\xampp\htdocs\crm\stafftobia\vendor\laravel\framework\src\Illuminate\Foundation\Http\Middleware\TransformsRequest.php:21
41 - D:\xampp\htdocs\crm\stafftobia\vendor\laravel\framework\src\Illuminate\Foundation\Http\Middleware\ConvertEmptyStringsToNull.php:31
42 - D:\xampp\htdocs\crm\stafftobia\vendor\laravel\framework\src\Illuminate\Pipeline\Pipeline.php:219
43 - D:\xampp\htdocs\crm\stafftobia\vendor\laravel\framework\src\Illuminate\Foundation\Http\Middleware\TransformsRequest.php:21
44 - D:\xampp\htdocs\crm\stafftobia\vendor\laravel\framework\src\Illuminate\Foundation\Http\Middleware\TrimStrings.php:51
45 - D:\xampp\htdocs\crm\stafftobia\vendor\laravel\framework\src\Illuminate\Pipeline\Pipeline.php:219
46 - D:\xampp\htdocs\crm\stafftobia\vendor\laravel\framework\src\Illuminate\Http\Middleware\ValidatePostSize.php:27
47 - D:\xampp\htdocs\crm\stafftobia\vendor\laravel\framework\src\Illuminate\Pipeline\Pipeline.php:219
48 - D:\xampp\htdocs\crm\stafftobia\vendor\laravel\framework\src\Illuminate\Foundation\Http\Middleware\PreventRequestsDuringMaintenance.php:109
49 - D:\xampp\htdocs\crm\stafftobia\vendor\laravel\framework\src\Illuminate\Pipeline\Pipeline.php:219
50 - D:\xampp\htdocs\crm\stafftobia\vendor\laravel\framework\src\Illuminate\Http\Middleware\HandleCors.php:48
51 - D:\xampp\htdocs\crm\stafftobia\vendor\laravel\framework\src\Illuminate\Pipeline\Pipeline.php:219
52 - D:\xampp\htdocs\crm\stafftobia\vendor\laravel\framework\src\Illuminate\Http\Middleware\TrustProxies.php:58
53 - D:\xampp\htdocs\crm\stafftobia\vendor\laravel\framework\src\Illuminate\Pipeline\Pipeline.php:219
54 - D:\xampp\htdocs\crm\stafftobia\vendor\laravel\framework\src\Illuminate\Foundation\Http\Middleware\InvokeDeferredCallbacks.php:22
55 - D:\xampp\htdocs\crm\stafftobia\vendor\laravel\framework\src\Illuminate\Pipeline\Pipeline.php:219
56 - D:\xampp\htdocs\crm\stafftobia\vendor\laravel\framework\src\Illuminate\Http\Middleware\ValidatePathEncoding.php:26
57 - D:\xampp\htdocs\crm\stafftobia\vendor\laravel\framework\src\Illuminate\Pipeline\Pipeline.php:219
58 - D:\xampp\htdocs\crm\stafftobia\vendor\laravel\framework\src\Illuminate\Pipeline\Pipeline.php:137
59 - D:\xampp\htdocs\crm\stafftobia\vendor\laravel\framework\src\Illuminate\Foundation\Http\Kernel.php:175
60 - D:\xampp\htdocs\crm\stafftobia\vendor\laravel\framework\src\Illuminate\Foundation\Http\Kernel.php:144
61 - D:\xampp\htdocs\crm\stafftobia\vendor\laravel\framework\src\Illuminate\Foundation\Application.php:1220
62 - D:\xampp\htdocs\crm\stafftobia\public\index.php:20
63 - D:\xampp\htdocs\crm\stafftobia\vendor\laravel\framework\src\Illuminate\Foundation\resources\server.php:23

## Request

GET /contacts

## Headers

* **host**: localhost:8000
* **connection**: keep-alive
* **sec-ch-ua**: "Chromium";v="140", "Not=A?Brand";v="24", "Google Chrome";v="140"
* **sec-ch-ua-mobile**: ?0
* **sec-ch-ua-platform**: "Windows"
* **upgrade-insecure-requests**: 1
* **user-agent**: Mozilla/5.0 (Windows NT 10.0; Win64; x64) AppleWebKit/537.36 (KHTML, like Gecko) Chrome/140.0.0.0 Safari/537.36
* **accept**: text/html,application/xhtml+xml,application/xml;q=0.9,image/avif,image/webp,image/apng,*/*;q=0.8,application/signed-exchange;v=b3;q=0.7
* **sec-fetch-site**: same-origin
* **sec-fetch-mode**: navigate
* **sec-fetch-user**: ?1
* **sec-fetch-dest**: document
* **referer**: http://localhost:8000/dashboard
* **accept-encoding**: gzip, deflate, br, zstd
* **accept-language**: en-US,en;q=0.9
* **cookie**: sahara.sid=s%3AThgc8K5UwX9MHqHA2hlQzH4gacqZr4oY.Oq%2FtJk87X7W913oHEDbbYkepLYfY4i8Nx04AnkApg84; XSRF-TOKEN=eyJpdiI6IjhRYlRGR3IzVHYwRmtKM1cvWExiVEE9PSIsInZhbHVlIjoiWDRIcHpId0REQW8zQXZlNGdKeDZ2b0RSZTJDUnlPRkdoN3FjdTVHbVlKU2ptb1p2Umd2MmFkdlpiTlNKbjlrM3BEOTNmZVJpVmJEQlF5VWlnN0h3Snk2a3AyeXc2ajNiek1oSmxPenJySjBSRjNaQ3ZFRGZGeDJ0bzNqa05XWUIiLCJtYWMiOiJmMWQ4OTAwZDc4YjIzYzU0Yzc4ZWNkZTFlOTAyMzA2NDE2ZGJiMjVhYTNjYThkOWYwMzBlMDgxYTk0MGUzNWE4IiwidGFnIjoiIn0%3D; laravel-session=eyJpdiI6IkZYTFpEOHltT2FPOGRnNEk0aHk4cFE9PSIsInZhbHVlIjoicm5TdmQ2YllVQW4yd1laeU5wNFNTMjJoK2w5MGFRQkVnbnA0eU5XaHB3UnB3OHNNY2dsRkdWT0NReFUwbjBHaGlQM0wzL3p5ajNqVklDSmRSbVZBUkVHUkZ1UEFpYktWZ2VwLzNYZlVDcng1RUpDV3JBNHdOY01PMGJrNGZ3KzUiLCJtYWMiOiI3ZjBmZGFhMmZiZTZlN2JiOWRhM2VjZjNiOWJkMzhhOTJjNjk4NTAyODFjZTM2MmE4YWJhNjdiM2FiZTgwNWNkIiwidGFnIjoiIn0%3D

## Route Context

controller: App\Http\Controllers\ContactController@index
route name: contacts.index
middleware: web, auth

## Route Parameters

No route parameter data available.

## Database Queries

* pgsql - select * from "users" where "id" = 1 limit 1 (147.08 ms)
* pgsql - select count(*) as aggregate from "users" where exists (select * from "roles" where "users"."role_id" = "roles"."id" and "slug" = 'supplier') (1.53 ms)
* pgsql - select * from "departments" (0.71 ms)
